// Jest Snapshot v1, https://goo.gl/fbAQLP

exports[`Testing getData getData snapshot 1`] = `
[
  1,
  2,
  3,
]
`;
